[0.261s] DEBUG:colcon:Command line arguments: ['/usr/bin/colcon', 'build']
[0.261s] DEBUG:colcon:Parsed command line arguments: Namespace(log_base=None, log_level=None, verb_name='build', build_base='build', install_base='install', merge_install=False, symlink_install=False, test_result_base=None, continue_on_error=False, executor='parallel', parallel_workers=16, event_handlers=None, ignore_user_meta=False, metas=['./colcon.meta'], base_paths=['.'], packages_ignore=None, packages_ignore_regex=None, paths=None, packages_up_to=None, packages_up_to_regex=None, packages_above=None, packages_above_and_dependencies=None, packages_above_depth=None, packages_select_by_dep=None, packages_skip_by_dep=None, packages_skip_up_to=None, packages_select_build_failed=False, packages_skip_build_finished=False, packages_select_test_failures=False, packages_skip_test_passed=False, packages_select=None, packages_skip=None, packages_select_regex=None, packages_skip_regex=None, packages_start=None, packages_end=None, allow_overriding=[], cmake_args=None, cmake_target=None, cmake_target_skip_unavailable=False, cmake_clean_cache=False, cmake_clean_first=False, cmake_force_configure=False, ament_cmake_args=None, catkin_cmake_args=None, catkin_skip_building_tests=False, mixin_files=None, mixin=None, verb_parser=<colcon_mixin.mixin.mixin_argument.MixinArgumentDecorator object at 0x7c7e98a8ca70>, verb_extension=<colcon_core.verb.build.BuildVerb object at 0x7c7e98bb0ef0>, main=<bound method BuildVerb.main of <colcon_core.verb.build.BuildVerb object at 0x7c7e98bb0ef0>>, mixin_verb=('build',))
[0.355s] Level 1:colcon.colcon_core.package_discovery:discover_packages(colcon_meta) check parameters
[0.355s] Level 1:colcon.colcon_core.package_discovery:discover_packages(recursive) check parameters
[0.355s] Level 1:colcon.colcon_core.package_discovery:discover_packages(ignore) check parameters
[0.355s] Level 1:colcon.colcon_core.package_discovery:discover_packages(path) check parameters
[0.355s] Level 1:colcon.colcon_core.package_discovery:discover_packages(colcon_meta) discover
[0.355s] Level 1:colcon.colcon_core.package_discovery:discover_packages(recursive) discover
[0.355s] INFO:colcon.colcon_core.package_discovery:Crawling recursively for packages in '/home/jo-jo/ros2_ws'
[0.355s] Level 1:colcon.colcon_core.package_identification:_identify(.) by extensions ['ignore', 'ignore_ament_install']
[0.356s] Level 1:colcon.colcon_core.package_identification:_identify(.) by extension 'ignore'
[0.356s] Level 1:colcon.colcon_core.package_identification:_identify(.) by extension 'ignore_ament_install'
[0.356s] Level 1:colcon.colcon_core.package_identification:_identify(.) by extensions ['colcon_pkg']
[0.356s] Level 1:colcon.colcon_core.package_identification:_identify(.) by extension 'colcon_pkg'
[0.356s] Level 1:colcon.colcon_core.package_identification:_identify(.) by extensions ['colcon_meta']
[0.356s] Level 1:colcon.colcon_core.package_identification:_identify(.) by extension 'colcon_meta'
[0.356s] Level 1:colcon.colcon_core.package_identification:_identify(.) by extensions ['ros']
[0.356s] Level 1:colcon.colcon_core.package_identification:_identify(.) by extension 'ros'
[0.402s] Level 1:colcon.colcon_core.package_identification:_identify(.) by extensions ['cmake', 'python']
[0.402s] Level 1:colcon.colcon_core.package_identification:_identify(.) by extension 'cmake'
[0.402s] Level 1:colcon.colcon_core.package_identification:_identify(.) by extension 'python'
[0.402s] Level 1:colcon.colcon_core.package_identification:_identify(.) by extensions ['python_setup_py']
[0.402s] Level 1:colcon.colcon_core.package_identification:_identify(.) by extension 'python_setup_py'
[0.403s] Level 1:colcon.colcon_core.package_identification:_identify(build) by extensions ['ignore', 'ignore_ament_install']
[0.403s] Level 1:colcon.colcon_core.package_identification:_identify(build) by extension 'ignore'
[0.403s] Level 1:colcon.colcon_core.package_identification:_identify(build) ignored
[0.403s] Level 1:colcon.colcon_core.package_identification:_identify(install) by extensions ['ignore', 'ignore_ament_install']
[0.403s] Level 1:colcon.colcon_core.package_identification:_identify(install) by extension 'ignore'
[0.403s] Level 1:colcon.colcon_core.package_identification:_identify(install) ignored
[0.404s] Level 1:colcon.colcon_core.package_identification:_identify(log) by extensions ['ignore', 'ignore_ament_install']
[0.404s] Level 1:colcon.colcon_core.package_identification:_identify(log) by extension 'ignore'
[0.404s] Level 1:colcon.colcon_core.package_identification:_identify(log) ignored
[0.404s] Level 1:colcon.colcon_core.package_identification:_identify(media) by extensions ['ignore', 'ignore_ament_install']
[0.404s] Level 1:colcon.colcon_core.package_identification:_identify(media) by extension 'ignore'
[0.404s] Level 1:colcon.colcon_core.package_identification:_identify(media) by extension 'ignore_ament_install'
[0.404s] Level 1:colcon.colcon_core.package_identification:_identify(media) by extensions ['colcon_pkg']
[0.404s] Level 1:colcon.colcon_core.package_identification:_identify(media) by extension 'colcon_pkg'
[0.404s] Level 1:colcon.colcon_core.package_identification:_identify(media) by extensions ['colcon_meta']
[0.404s] Level 1:colcon.colcon_core.package_identification:_identify(media) by extension 'colcon_meta'
[0.405s] Level 1:colcon.colcon_core.package_identification:_identify(media) by extensions ['ros']
[0.405s] Level 1:colcon.colcon_core.package_identification:_identify(media) by extension 'ros'
[0.405s] Level 1:colcon.colcon_core.package_identification:_identify(media) by extensions ['cmake', 'python']
[0.405s] Level 1:colcon.colcon_core.package_identification:_identify(media) by extension 'cmake'
[0.405s] Level 1:colcon.colcon_core.package_identification:_identify(media) by extension 'python'
[0.405s] Level 1:colcon.colcon_core.package_identification:_identify(media) by extensions ['python_setup_py']
[0.405s] Level 1:colcon.colcon_core.package_identification:_identify(media) by extension 'python_setup_py'
[0.405s] Level 1:colcon.colcon_core.package_identification:_identify(src) by extensions ['ignore', 'ignore_ament_install']
[0.405s] Level 1:colcon.colcon_core.package_identification:_identify(src) by extension 'ignore'
[0.405s] Level 1:colcon.colcon_core.package_identification:_identify(src) by extension 'ignore_ament_install'
[0.406s] Level 1:colcon.colcon_core.package_identification:_identify(src) by extensions ['colcon_pkg']
[0.406s] Level 1:colcon.colcon_core.package_identification:_identify(src) by extension 'colcon_pkg'
[0.406s] Level 1:colcon.colcon_core.package_identification:_identify(src) by extensions ['colcon_meta']
[0.406s] Level 1:colcon.colcon_core.package_identification:_identify(src) by extension 'colcon_meta'
[0.406s] Level 1:colcon.colcon_core.package_identification:_identify(src) by extensions ['ros']
[0.406s] Level 1:colcon.colcon_core.package_identification:_identify(src) by extension 'ros'
[0.406s] Level 1:colcon.colcon_core.package_identification:_identify(src) by extensions ['cmake', 'python']
[0.406s] Level 1:colcon.colcon_core.package_identification:_identify(src) by extension 'cmake'
[0.406s] Level 1:colcon.colcon_core.package_identification:_identify(src) by extension 'python'
[0.407s] Level 1:colcon.colcon_core.package_identification:_identify(src) by extensions ['python_setup_py']
[0.407s] Level 1:colcon.colcon_core.package_identification:_identify(src) by extension 'python_setup_py'
[0.407s] Level 1:colcon.colcon_core.package_identification:_identify(src/my_robot_bringup) by extensions ['ignore', 'ignore_ament_install']
[0.407s] Level 1:colcon.colcon_core.package_identification:_identify(src/my_robot_bringup) by extension 'ignore'
[0.407s] Level 1:colcon.colcon_core.package_identification:_identify(src/my_robot_bringup) by extension 'ignore_ament_install'
[0.407s] Level 1:colcon.colcon_core.package_identification:_identify(src/my_robot_bringup) by extensions ['colcon_pkg']
[0.407s] Level 1:colcon.colcon_core.package_identification:_identify(src/my_robot_bringup) by extension 'colcon_pkg'
[0.407s] Level 1:colcon.colcon_core.package_identification:_identify(src/my_robot_bringup) by extensions ['colcon_meta']
[0.407s] Level 1:colcon.colcon_core.package_identification:_identify(src/my_robot_bringup) by extension 'colcon_meta'
[0.407s] Level 1:colcon.colcon_core.package_identification:_identify(src/my_robot_bringup) by extensions ['ros']
[0.407s] Level 1:colcon.colcon_core.package_identification:_identify(src/my_robot_bringup) by extension 'ros'
[0.413s] DEBUG:colcon.colcon_core.package_identification:Package 'src/my_robot_bringup' with type 'ros.ament_cmake' and name 'my_robot_bringup'
[0.413s] Level 1:colcon.colcon_core.package_identification:_identify(src/my_robot_description) by extensions ['ignore', 'ignore_ament_install']
[0.413s] Level 1:colcon.colcon_core.package_identification:_identify(src/my_robot_description) by extension 'ignore'
[0.413s] Level 1:colcon.colcon_core.package_identification:_identify(src/my_robot_description) by extension 'ignore_ament_install'
[0.413s] Level 1:colcon.colcon_core.package_identification:_identify(src/my_robot_description) by extensions ['colcon_pkg']
[0.413s] Level 1:colcon.colcon_core.package_identification:_identify(src/my_robot_description) by extension 'colcon_pkg'
[0.414s] Level 1:colcon.colcon_core.package_identification:_identify(src/my_robot_description) by extensions ['colcon_meta']
[0.414s] Level 1:colcon.colcon_core.package_identification:_identify(src/my_robot_description) by extension 'colcon_meta'
[0.414s] Level 1:colcon.colcon_core.package_identification:_identify(src/my_robot_description) by extensions ['ros']
[0.414s] Level 1:colcon.colcon_core.package_identification:_identify(src/my_robot_description) by extension 'ros'
[0.415s] DEBUG:colcon.colcon_core.package_identification:Package 'src/my_robot_description' with type 'ros.ament_cmake' and name 'my_robot_description'
[0.415s] Level 1:colcon.colcon_core.package_identification:_identify(src/robot_legion_teleop_python) by extensions ['ignore', 'ignore_ament_install']
[0.415s] Level 1:colcon.colcon_core.package_identification:_identify(src/robot_legion_teleop_python) by extension 'ignore'
[0.415s] Level 1:colcon.colcon_core.package_identification:_identify(src/robot_legion_teleop_python) by extension 'ignore_ament_install'
[0.416s] Level 1:colcon.colcon_core.package_identification:_identify(src/robot_legion_teleop_python) by extensions ['colcon_pkg']
[0.416s] Level 1:colcon.colcon_core.package_identification:_identify(src/robot_legion_teleop_python) by extension 'colcon_pkg'
[0.416s] Level 1:colcon.colcon_core.package_identification:_identify(src/robot_legion_teleop_python) by extensions ['colcon_meta']
[0.416s] Level 1:colcon.colcon_core.package_identification:_identify(src/robot_legion_teleop_python) by extension 'colcon_meta'
[0.416s] Level 1:colcon.colcon_core.package_identification:_identify(src/robot_legion_teleop_python) by extensions ['ros']
[0.416s] Level 1:colcon.colcon_core.package_identification:_identify(src/robot_legion_teleop_python) by extension 'ros'
[0.417s] DEBUG:colcon.colcon_core.package_identification:Package 'src/robot_legion_teleop_python' with type 'ros.ament_python' and name 'robot_legion_teleop_python'
[0.417s] Level 1:colcon.colcon_core.package_discovery:discover_packages(recursive) using defaults
[0.417s] Level 1:colcon.colcon_core.package_discovery:discover_packages(ignore) discover
[0.417s] Level 1:colcon.colcon_core.package_discovery:discover_packages(ignore) using defaults
[0.417s] Level 1:colcon.colcon_core.package_discovery:discover_packages(path) discover
[0.417s] Level 1:colcon.colcon_core.package_discovery:discover_packages(path) using defaults
[0.451s] Level 1:colcon.colcon_core.package_discovery:discover_packages(prefix_path) check parameters
[0.451s] Level 1:colcon.colcon_core.package_discovery:discover_packages(prefix_path) discover
[0.456s] DEBUG:colcon.colcon_installed_package_information.package_discovery:Found 3 installed packages in /home/jo-jo/ros2_ws/install
[0.458s] DEBUG:colcon.colcon_installed_package_information.package_discovery:Found 315 installed packages in /opt/ros/jazzy
[0.461s] Level 1:colcon.colcon_core.package_discovery:discover_packages(prefix_path) using defaults
[0.539s] Level 5:colcon.colcon_core.verb:set package 'my_robot_bringup' build argument 'cmake_args' from command line to 'None'
[0.539s] Level 5:colcon.colcon_core.verb:set package 'my_robot_bringup' build argument 'cmake_target' from command line to 'None'
[0.539s] Level 5:colcon.colcon_core.verb:set package 'my_robot_bringup' build argument 'cmake_target_skip_unavailable' from command line to 'False'
[0.539s] Level 5:colcon.colcon_core.verb:set package 'my_robot_bringup' build argument 'cmake_clean_cache' from command line to 'False'
[0.539s] Level 5:colcon.colcon_core.verb:set package 'my_robot_bringup' build argument 'cmake_clean_first' from command line to 'False'
[0.539s] Level 5:colcon.colcon_core.verb:set package 'my_robot_bringup' build argument 'cmake_force_configure' from command line to 'False'
[0.539s] Level 5:colcon.colcon_core.verb:set package 'my_robot_bringup' build argument 'ament_cmake_args' from command line to 'None'
[0.539s] Level 5:colcon.colcon_core.verb:set package 'my_robot_bringup' build argument 'catkin_cmake_args' from command line to 'None'
[0.539s] Level 5:colcon.colcon_core.verb:set package 'my_robot_bringup' build argument 'catkin_skip_building_tests' from command line to 'False'
[0.539s] DEBUG:colcon.colcon_core.verb:Building package 'my_robot_bringup' with the following arguments: {'ament_cmake_args': None, 'build_base': '/home/jo-jo/ros2_ws/build/my_robot_bringup', 'catkin_cmake_args': None, 'catkin_skip_building_tests': False, 'cmake_args': None, 'cmake_clean_cache': False, 'cmake_clean_first': False, 'cmake_force_configure': False, 'cmake_target': None, 'cmake_target_skip_unavailable': False, 'install_base': '/home/jo-jo/ros2_ws/install/my_robot_bringup', 'merge_install': False, 'path': '/home/jo-jo/ros2_ws/src/my_robot_bringup', 'symlink_install': False, 'test_result_base': None}
[0.540s] Level 5:colcon.colcon_core.verb:set package 'my_robot_description' build argument 'cmake_args' from command line to 'None'
[0.540s] Level 5:colcon.colcon_core.verb:set package 'my_robot_description' build argument 'cmake_target' from command line to 'None'
[0.540s] Level 5:colcon.colcon_core.verb:set package 'my_robot_description' build argument 'cmake_target_skip_unavailable' from command line to 'False'
[0.540s] Level 5:colcon.colcon_core.verb:set package 'my_robot_description' build argument 'cmake_clean_cache' from command line to 'False'
[0.540s] Level 5:colcon.colcon_core.verb:set package 'my_robot_description' build argument 'cmake_clean_first' from command line to 'False'
[0.540s] Level 5:colcon.colcon_core.verb:set package 'my_robot_description' build argument 'cmake_force_configure' from command line to 'False'
[0.540s] Level 5:colcon.colcon_core.verb:set package 'my_robot_description' build argument 'ament_cmake_args' from command line to 'None'
[0.540s] Level 5:colcon.colcon_core.verb:set package 'my_robot_description' build argument 'catkin_cmake_args' from command line to 'None'
[0.540s] Level 5:colcon.colcon_core.verb:set package 'my_robot_description' build argument 'catkin_skip_building_tests' from command line to 'False'
[0.540s] DEBUG:colcon.colcon_core.verb:Building package 'my_robot_description' with the following arguments: {'ament_cmake_args': None, 'build_base': '/home/jo-jo/ros2_ws/build/my_robot_description', 'catkin_cmake_args': None, 'catkin_skip_building_tests': False, 'cmake_args': None, 'cmake_clean_cache': False, 'cmake_clean_first': False, 'cmake_force_configure': False, 'cmake_target': None, 'cmake_target_skip_unavailable': False, 'install_base': '/home/jo-jo/ros2_ws/install/my_robot_description', 'merge_install': False, 'path': '/home/jo-jo/ros2_ws/src/my_robot_description', 'symlink_install': False, 'test_result_base': None}
[0.540s] Level 5:colcon.colcon_core.verb:set package 'robot_legion_teleop_python' build argument 'cmake_args' from command line to 'None'
[0.541s] Level 5:colcon.colcon_core.verb:set package 'robot_legion_teleop_python' build argument 'cmake_target' from command line to 'None'
[0.541s] Level 5:colcon.colcon_core.verb:set package 'robot_legion_teleop_python' build argument 'cmake_target_skip_unavailable' from command line to 'False'
[0.541s] Level 5:colcon.colcon_core.verb:set package 'robot_legion_teleop_python' build argument 'cmake_clean_cache' from command line to 'False'
[0.541s] Level 5:colcon.colcon_core.verb:set package 'robot_legion_teleop_python' build argument 'cmake_clean_first' from command line to 'False'
[0.541s] Level 5:colcon.colcon_core.verb:set package 'robot_legion_teleop_python' build argument 'cmake_force_configure' from command line to 'False'
[0.541s] Level 5:colcon.colcon_core.verb:set package 'robot_legion_teleop_python' build argument 'ament_cmake_args' from command line to 'None'
[0.541s] Level 5:colcon.colcon_core.verb:set package 'robot_legion_teleop_python' build argument 'catkin_cmake_args' from command line to 'None'
[0.541s] Level 5:colcon.colcon_core.verb:set package 'robot_legion_teleop_python' build argument 'catkin_skip_building_tests' from command line to 'False'
[0.541s] DEBUG:colcon.colcon_core.verb:Building package 'robot_legion_teleop_python' with the following arguments: {'ament_cmake_args': None, 'build_base': '/home/jo-jo/ros2_ws/build/robot_legion_teleop_python', 'catkin_cmake_args': None, 'catkin_skip_building_tests': False, 'cmake_args': None, 'cmake_clean_cache': False, 'cmake_clean_first': False, 'cmake_force_configure': False, 'cmake_target': None, 'cmake_target_skip_unavailable': False, 'install_base': '/home/jo-jo/ros2_ws/install/robot_legion_teleop_python', 'merge_install': False, 'path': '/home/jo-jo/ros2_ws/src/robot_legion_teleop_python', 'symlink_install': False, 'test_result_base': None}
[0.541s] INFO:colcon.colcon_core.executor:Executing jobs using 'parallel' executor
[0.542s] DEBUG:colcon.colcon_parallel_executor.executor.parallel:run_until_complete
[0.543s] INFO:colcon.colcon_ros.task.ament_cmake.build:Building ROS package in '/home/jo-jo/ros2_ws/src/my_robot_bringup' with build type 'ament_cmake'
[0.543s] INFO:colcon.colcon_cmake.task.cmake.build:Building CMake package in '/home/jo-jo/ros2_ws/src/my_robot_bringup'
[0.550s] INFO:colcon.colcon_core.plugin_system:Skipping extension 'colcon_core.shell.bat': Not used on non-Windows systems
[0.550s] INFO:colcon.colcon_core.shell:Skip shell extension 'powershell' for command environment: Not usable outside of PowerShell
[0.550s] DEBUG:colcon.colcon_core.shell:Skip shell extension 'dsv' for command environment
[0.557s] INFO:colcon.colcon_ros.task.ament_cmake.build:Building ROS package in '/home/jo-jo/ros2_ws/src/my_robot_description' with build type 'ament_cmake'
[0.557s] INFO:colcon.colcon_cmake.task.cmake.build:Building CMake package in '/home/jo-jo/ros2_ws/src/my_robot_description'
[0.557s] INFO:colcon.colcon_core.shell:Skip shell extension 'powershell' for command environment: Not usable outside of PowerShell
[0.557s] DEBUG:colcon.colcon_core.shell:Skip shell extension 'dsv' for command environment
[0.563s] INFO:colcon.colcon_ros.task.ament_python.build:Building ROS package in '/home/jo-jo/ros2_ws/src/robot_legion_teleop_python' with build type 'ament_python'
[0.563s] Level 1:colcon.colcon_core.shell:create_environment_hook('robot_legion_teleop_python', 'ament_prefix_path')
[0.563s] INFO:colcon.colcon_core.shell:Creating environment hook '/home/jo-jo/ros2_ws/install/robot_legion_teleop_python/share/robot_legion_teleop_python/hook/ament_prefix_path.ps1'
[0.565s] INFO:colcon.colcon_core.shell:Creating environment descriptor '/home/jo-jo/ros2_ws/install/robot_legion_teleop_python/share/robot_legion_teleop_python/hook/ament_prefix_path.dsv'
[0.566s] INFO:colcon.colcon_core.shell:Creating environment hook '/home/jo-jo/ros2_ws/install/robot_legion_teleop_python/share/robot_legion_teleop_python/hook/ament_prefix_path.sh'
[0.567s] INFO:colcon.colcon_core.shell:Skip shell extension 'powershell' for command environment: Not usable outside of PowerShell
[0.567s] DEBUG:colcon.colcon_core.shell:Skip shell extension 'dsv' for command environment
[0.579s] DEBUG:colcon.colcon_core.event_handler.log_command:Invoking command in '/home/jo-jo/ros2_ws/build/my_robot_bringup': CMAKE_PREFIX_PATH=${CMAKE_PREFIX_PATH}:/home/jo-jo/ros2_ws/install/robot_legion_teleop_python:/opt/ros/jazzy DEBUGINFOD_URLS=https://debuginfod.ubuntu.com /usr/bin/cmake --build /home/jo-jo/ros2_ws/build/my_robot_bringup -- -j16 -l16
[0.588s] DEBUG:colcon.colcon_core.event_handler.log_command:Invoking command in '/home/jo-jo/ros2_ws/build/my_robot_description': CMAKE_PREFIX_PATH=${CMAKE_PREFIX_PATH}:/home/jo-jo/ros2_ws/install/robot_legion_teleop_python:/opt/ros/jazzy DEBUGINFOD_URLS=https://debuginfod.ubuntu.com /usr/bin/cmake --build /home/jo-jo/ros2_ws/build/my_robot_description -- -j16 -l16
[0.976s] INFO:colcon.colcon_core.task.python.build:Building Python package in '/home/jo-jo/ros2_ws/src/robot_legion_teleop_python'
[0.976s] INFO:colcon.colcon_core.shell:Skip shell extension 'powershell' for command environment: Not usable outside of PowerShell
[0.976s] DEBUG:colcon.colcon_core.shell:Skip shell extension 'dsv' for command environment
[0.985s] DEBUG:colcon.colcon_core.event_handler.log_command:Invoked command in '/home/jo-jo/ros2_ws/build/my_robot_bringup' returned '0': CMAKE_PREFIX_PATH=${CMAKE_PREFIX_PATH}:/home/jo-jo/ros2_ws/install/robot_legion_teleop_python:/opt/ros/jazzy DEBUGINFOD_URLS=https://debuginfod.ubuntu.com /usr/bin/cmake --build /home/jo-jo/ros2_ws/build/my_robot_bringup -- -j16 -l16
[1.008s] DEBUG:colcon.colcon_core.event_handler.log_command:Invoking command in '/home/jo-jo/ros2_ws/build/my_robot_bringup': CMAKE_PREFIX_PATH=${CMAKE_PREFIX_PATH}:/home/jo-jo/ros2_ws/install/robot_legion_teleop_python:/opt/ros/jazzy DEBUGINFOD_URLS=https://debuginfod.ubuntu.com /usr/bin/cmake --install /home/jo-jo/ros2_ws/build/my_robot_bringup
[1.010s] DEBUG:colcon.colcon_core.event_handler.log_command:Invoked command in '/home/jo-jo/ros2_ws/build/my_robot_description' returned '0': CMAKE_PREFIX_PATH=${CMAKE_PREFIX_PATH}:/home/jo-jo/ros2_ws/install/robot_legion_teleop_python:/opt/ros/jazzy DEBUGINFOD_URLS=https://debuginfod.ubuntu.com /usr/bin/cmake --build /home/jo-jo/ros2_ws/build/my_robot_description -- -j16 -l16
[1.013s] DEBUG:colcon.colcon_core.event_handler.log_command:Invoking command in '/home/jo-jo/ros2_ws/build/my_robot_description': CMAKE_PREFIX_PATH=${CMAKE_PREFIX_PATH}:/home/jo-jo/ros2_ws/install/robot_legion_teleop_python:/opt/ros/jazzy DEBUGINFOD_URLS=https://debuginfod.ubuntu.com /usr/bin/cmake --install /home/jo-jo/ros2_ws/build/my_robot_description
[1.049s] Level 1:colcon.colcon_core.environment:create_environment_scripts_only(my_robot_description)
[1.102s] DEBUG:colcon.colcon_core.event_handler.log_command:Invoked command in '/home/jo-jo/ros2_ws/build/my_robot_description' returned '0': CMAKE_PREFIX_PATH=${CMAKE_PREFIX_PATH}:/home/jo-jo/ros2_ws/install/robot_legion_teleop_python:/opt/ros/jazzy DEBUGINFOD_URLS=https://debuginfod.ubuntu.com /usr/bin/cmake --install /home/jo-jo/ros2_ws/build/my_robot_description
[1.106s] Level 1:colcon.colcon_core.environment:checking '/home/jo-jo/ros2_ws/install/my_robot_description' for CMake module files
[1.107s] Level 1:colcon.colcon_core.environment:checking '/home/jo-jo/ros2_ws/install/my_robot_description' for CMake config files
[1.108s] Level 1:colcon.colcon_core.shell:create_environment_hook('my_robot_description', 'cmake_prefix_path')
[1.108s] INFO:colcon.colcon_core.shell:Creating environment hook '/home/jo-jo/ros2_ws/install/my_robot_description/share/my_robot_description/hook/cmake_prefix_path.ps1'
[1.109s] INFO:colcon.colcon_core.shell:Creating environment descriptor '/home/jo-jo/ros2_ws/install/my_robot_description/share/my_robot_description/hook/cmake_prefix_path.dsv'
[1.109s] INFO:colcon.colcon_core.shell:Creating environment hook '/home/jo-jo/ros2_ws/install/my_robot_description/share/my_robot_description/hook/cmake_prefix_path.sh'
[1.110s] Level 1:colcon.colcon_core.environment:checking '/home/jo-jo/ros2_ws/install/my_robot_description/bin'
[1.110s] Level 1:colcon.colcon_core.environment:checking '/home/jo-jo/ros2_ws/install/my_robot_description/lib/pkgconfig/my_robot_description.pc'
[1.111s] Level 1:colcon.colcon_core.environment:checking '/home/jo-jo/ros2_ws/install/my_robot_description/lib/python3.12/site-packages'
[1.111s] Level 1:colcon.colcon_core.environment:checking '/home/jo-jo/ros2_ws/install/my_robot_description/bin'
[1.111s] INFO:colcon.colcon_core.shell:Creating package script '/home/jo-jo/ros2_ws/install/my_robot_description/share/my_robot_description/package.ps1'
[1.113s] INFO:colcon.colcon_core.shell:Creating package descriptor '/home/jo-jo/ros2_ws/install/my_robot_description/share/my_robot_description/package.dsv'
[1.114s] INFO:colcon.colcon_core.shell:Creating package script '/home/jo-jo/ros2_ws/install/my_robot_description/share/my_robot_description/package.sh'
[1.115s] INFO:colcon.colcon_core.shell:Creating package script '/home/jo-jo/ros2_ws/install/my_robot_description/share/my_robot_description/package.bash'
[1.116s] INFO:colcon.colcon_core.shell:Creating package script '/home/jo-jo/ros2_ws/install/my_robot_description/share/my_robot_description/package.zsh'
[1.117s] Level 1:colcon.colcon_core.environment:create_file_with_runtime_dependencies(/home/jo-jo/ros2_ws/install/my_robot_description/share/colcon-core/packages/my_robot_description)
[1.118s] Level 1:colcon.colcon_core.environment:create_environment_scripts_only(my_robot_description)
[1.118s] Level 1:colcon.colcon_core.environment:checking '/home/jo-jo/ros2_ws/install/my_robot_description' for CMake module files
[1.119s] Level 1:colcon.colcon_core.environment:checking '/home/jo-jo/ros2_ws/install/my_robot_description' for CMake config files
[1.120s] Level 1:colcon.colcon_core.shell:create_environment_hook('my_robot_description', 'cmake_prefix_path')
[1.120s] INFO:colcon.colcon_core.shell:Creating environment hook '/home/jo-jo/ros2_ws/install/my_robot_description/share/my_robot_description/hook/cmake_prefix_path.ps1'
[1.120s] INFO:colcon.colcon_core.shell:Creating environment descriptor '/home/jo-jo/ros2_ws/install/my_robot_description/share/my_robot_description/hook/cmake_prefix_path.dsv'
[1.121s] INFO:colcon.colcon_core.shell:Creating environment hook '/home/jo-jo/ros2_ws/install/my_robot_description/share/my_robot_description/hook/cmake_prefix_path.sh'
[1.122s] Level 1:colcon.colcon_core.environment:checking '/home/jo-jo/ros2_ws/install/my_robot_description/bin'
[1.122s] Level 1:colcon.colcon_core.environment:checking '/home/jo-jo/ros2_ws/install/my_robot_description/lib/pkgconfig/my_robot_description.pc'
[1.122s] Level 1:colcon.colcon_core.environment:checking '/home/jo-jo/ros2_ws/install/my_robot_description/lib/python3.12/site-packages'
[1.123s] Level 1:colcon.colcon_core.environment:checking '/home/jo-jo/ros2_ws/install/my_robot_description/bin'
[1.123s] INFO:colcon.colcon_core.shell:Creating package script '/home/jo-jo/ros2_ws/install/my_robot_description/share/my_robot_description/package.ps1'
[1.124s] INFO:colcon.colcon_core.shell:Creating package descriptor '/home/jo-jo/ros2_ws/install/my_robot_description/share/my_robot_description/package.dsv'
[1.124s] INFO:colcon.colcon_core.shell:Creating package script '/home/jo-jo/ros2_ws/install/my_robot_description/share/my_robot_description/package.sh'
[1.125s] INFO:colcon.colcon_core.shell:Creating package script '/home/jo-jo/ros2_ws/install/my_robot_description/share/my_robot_description/package.bash'
[1.126s] INFO:colcon.colcon_core.shell:Creating package script '/home/jo-jo/ros2_ws/install/my_robot_description/share/my_robot_description/package.zsh'
[1.126s] Level 1:colcon.colcon_core.environment:create_file_with_runtime_dependencies(/home/jo-jo/ros2_ws/install/my_robot_description/share/colcon-core/packages/my_robot_description)
[1.128s] Level 1:colcon.colcon_core.environment:create_environment_scripts_only(my_robot_bringup)
[1.129s] Level 1:colcon.colcon_core.environment:checking '/home/jo-jo/ros2_ws/install/my_robot_bringup' for CMake module files
[1.130s] DEBUG:colcon.colcon_core.event_handler.log_command:Invoked command in '/home/jo-jo/ros2_ws/build/my_robot_bringup' returned '0': CMAKE_PREFIX_PATH=${CMAKE_PREFIX_PATH}:/home/jo-jo/ros2_ws/install/robot_legion_teleop_python:/opt/ros/jazzy DEBUGINFOD_URLS=https://debuginfod.ubuntu.com /usr/bin/cmake --install /home/jo-jo/ros2_ws/build/my_robot_bringup
[1.131s] Level 1:colcon.colcon_core.environment:checking '/home/jo-jo/ros2_ws/install/my_robot_bringup' for CMake config files
[1.135s] Level 1:colcon.colcon_core.shell:create_environment_hook('my_robot_bringup', 'cmake_prefix_path')
[1.135s] INFO:colcon.colcon_core.shell:Creating environment hook '/home/jo-jo/ros2_ws/install/my_robot_bringup/share/my_robot_bringup/hook/cmake_prefix_path.ps1'
[1.136s] INFO:colcon.colcon_core.shell:Creating environment descriptor '/home/jo-jo/ros2_ws/install/my_robot_bringup/share/my_robot_bringup/hook/cmake_prefix_path.dsv'
[1.137s] INFO:colcon.colcon_core.shell:Creating environment hook '/home/jo-jo/ros2_ws/install/my_robot_bringup/share/my_robot_bringup/hook/cmake_prefix_path.sh'
[1.138s] Level 1:colcon.colcon_core.environment:checking '/home/jo-jo/ros2_ws/install/my_robot_bringup/bin'
[1.138s] Level 1:colcon.colcon_core.environment:checking '/home/jo-jo/ros2_ws/install/my_robot_bringup/lib/pkgconfig/my_robot_bringup.pc'
[1.138s] Level 1:colcon.colcon_core.environment:checking '/home/jo-jo/ros2_ws/install/my_robot_bringup/lib/python3.12/site-packages'
[1.139s] Level 1:colcon.colcon_core.environment:checking '/home/jo-jo/ros2_ws/install/my_robot_bringup/bin'
[1.139s] INFO:colcon.colcon_core.shell:Creating package script '/home/jo-jo/ros2_ws/install/my_robot_bringup/share/my_robot_bringup/package.ps1'
[1.140s] INFO:colcon.colcon_core.shell:Creating package descriptor '/home/jo-jo/ros2_ws/install/my_robot_bringup/share/my_robot_bringup/package.dsv'
[1.140s] INFO:colcon.colcon_core.shell:Creating package script '/home/jo-jo/ros2_ws/install/my_robot_bringup/share/my_robot_bringup/package.sh'
[1.141s] INFO:colcon.colcon_core.shell:Creating package script '/home/jo-jo/ros2_ws/install/my_robot_bringup/share/my_robot_bringup/package.bash'
[1.142s] INFO:colcon.colcon_core.shell:Creating package script '/home/jo-jo/ros2_ws/install/my_robot_bringup/share/my_robot_bringup/package.zsh'
[1.142s] Level 1:colcon.colcon_core.environment:create_file_with_runtime_dependencies(/home/jo-jo/ros2_ws/install/my_robot_bringup/share/colcon-core/packages/my_robot_bringup)
[1.143s] Level 1:colcon.colcon_core.environment:create_environment_scripts_only(my_robot_bringup)
[1.143s] Level 1:colcon.colcon_core.environment:checking '/home/jo-jo/ros2_ws/install/my_robot_bringup' for CMake module files
[1.144s] Level 1:colcon.colcon_core.environment:checking '/home/jo-jo/ros2_ws/install/my_robot_bringup' for CMake config files
[1.148s] Level 1:colcon.colcon_core.shell:create_environment_hook('my_robot_bringup', 'cmake_prefix_path')
[1.148s] INFO:colcon.colcon_core.shell:Creating environment hook '/home/jo-jo/ros2_ws/install/my_robot_bringup/share/my_robot_bringup/hook/cmake_prefix_path.ps1'
[1.149s] INFO:colcon.colcon_core.shell:Creating environment descriptor '/home/jo-jo/ros2_ws/install/my_robot_bringup/share/my_robot_bringup/hook/cmake_prefix_path.dsv'
[1.150s] INFO:colcon.colcon_core.shell:Creating environment hook '/home/jo-jo/ros2_ws/install/my_robot_bringup/share/my_robot_bringup/hook/cmake_prefix_path.sh'
[1.151s] Level 1:colcon.colcon_core.environment:checking '/home/jo-jo/ros2_ws/install/my_robot_bringup/bin'
[1.151s] Level 1:colcon.colcon_core.environment:checking '/home/jo-jo/ros2_ws/install/my_robot_bringup/lib/pkgconfig/my_robot_bringup.pc'
[1.151s] Level 1:colcon.colcon_core.environment:checking '/home/jo-jo/ros2_ws/install/my_robot_bringup/lib/python3.12/site-packages'
[1.151s] Level 1:colcon.colcon_core.environment:checking '/home/jo-jo/ros2_ws/install/my_robot_bringup/bin'
[1.152s] INFO:colcon.colcon_core.shell:Creating package script '/home/jo-jo/ros2_ws/install/my_robot_bringup/share/my_robot_bringup/package.ps1'
[1.153s] INFO:colcon.colcon_core.shell:Creating package descriptor '/home/jo-jo/ros2_ws/install/my_robot_bringup/share/my_robot_bringup/package.dsv'
[1.153s] INFO:colcon.colcon_core.shell:Creating package script '/home/jo-jo/ros2_ws/install/my_robot_bringup/share/my_robot_bringup/package.sh'
[1.154s] INFO:colcon.colcon_core.shell:Creating package script '/home/jo-jo/ros2_ws/install/my_robot_bringup/share/my_robot_bringup/package.bash'
[1.155s] INFO:colcon.colcon_core.shell:Creating package script '/home/jo-jo/ros2_ws/install/my_robot_bringup/share/my_robot_bringup/package.zsh'
[1.155s] Level 1:colcon.colcon_core.environment:create_file_with_runtime_dependencies(/home/jo-jo/ros2_ws/install/my_robot_bringup/share/colcon-core/packages/my_robot_bringup)
[2.333s] DEBUG:colcon.colcon_core.event_handler.log_command:Invoking command in '/home/jo-jo/ros2_ws/src/robot_legion_teleop_python': DEBUGINFOD_URLS=https://debuginfod.ubuntu.com PYTHONPATH=/home/jo-jo/ros2_ws/build/robot_legion_teleop_python/prefix_override:/usr/lib/python3/dist-packages/colcon_core/task/python/colcon_distutils_commands:/home/jo-jo/ros2_ws/install/robot_legion_teleop_python/lib/python3.12/site-packages:${PYTHONPATH} /usr/bin/python3 -W ignore:setup.py install is deprecated -W ignore:easy_install command is deprecated setup.py egg_info --egg-base ../../build/robot_legion_teleop_python build --build-base /home/jo-jo/ros2_ws/build/robot_legion_teleop_python/build install --record /home/jo-jo/ros2_ws/build/robot_legion_teleop_python/install.log --single-version-externally-managed install_data
[3.346s] Level 1:colcon.colcon_core.environment:checking '/home/jo-jo/ros2_ws/install/robot_legion_teleop_python' for CMake module files
[3.347s] DEBUG:colcon.colcon_core.event_handler.log_command:Invoked command in '/home/jo-jo/ros2_ws/src/robot_legion_teleop_python' returned '0': DEBUGINFOD_URLS=https://debuginfod.ubuntu.com PYTHONPATH=/home/jo-jo/ros2_ws/build/robot_legion_teleop_python/prefix_override:/usr/lib/python3/dist-packages/colcon_core/task/python/colcon_distutils_commands:/home/jo-jo/ros2_ws/install/robot_legion_teleop_python/lib/python3.12/site-packages:${PYTHONPATH} /usr/bin/python3 -W ignore:setup.py install is deprecated -W ignore:easy_install command is deprecated setup.py egg_info --egg-base ../../build/robot_legion_teleop_python build --build-base /home/jo-jo/ros2_ws/build/robot_legion_teleop_python/build install --record /home/jo-jo/ros2_ws/build/robot_legion_teleop_python/install.log --single-version-externally-managed install_data
[3.348s] Level 1:colcon.colcon_core.environment:checking '/home/jo-jo/ros2_ws/install/robot_legion_teleop_python' for CMake config files
[3.349s] Level 1:colcon.colcon_core.environment:checking '/home/jo-jo/ros2_ws/install/robot_legion_teleop_python/lib'
[3.350s] Level 1:colcon.colcon_core.environment:checking '/home/jo-jo/ros2_ws/install/robot_legion_teleop_python/bin'
[3.350s] Level 1:colcon.colcon_core.environment:checking '/home/jo-jo/ros2_ws/install/robot_legion_teleop_python/lib/pkgconfig/robot_legion_teleop_python.pc'
[3.350s] Level 1:colcon.colcon_core.environment:checking '/home/jo-jo/ros2_ws/install/robot_legion_teleop_python/lib/python3.12/site-packages'
[3.350s] Level 1:colcon.colcon_core.shell:create_environment_hook('robot_legion_teleop_python', 'pythonpath')
[3.351s] INFO:colcon.colcon_core.shell:Creating environment hook '/home/jo-jo/ros2_ws/install/robot_legion_teleop_python/share/robot_legion_teleop_python/hook/pythonpath.ps1'
[3.352s] INFO:colcon.colcon_core.shell:Creating environment descriptor '/home/jo-jo/ros2_ws/install/robot_legion_teleop_python/share/robot_legion_teleop_python/hook/pythonpath.dsv'
[3.352s] INFO:colcon.colcon_core.shell:Creating environment hook '/home/jo-jo/ros2_ws/install/robot_legion_teleop_python/share/robot_legion_teleop_python/hook/pythonpath.sh'
[3.353s] Level 1:colcon.colcon_core.environment:checking '/home/jo-jo/ros2_ws/install/robot_legion_teleop_python/bin'
[3.353s] Level 1:colcon.colcon_core.environment:create_environment_scripts_only(robot_legion_teleop_python)
[3.354s] INFO:colcon.colcon_core.shell:Creating package script '/home/jo-jo/ros2_ws/install/robot_legion_teleop_python/share/robot_legion_teleop_python/package.ps1'
[3.354s] INFO:colcon.colcon_core.shell:Creating package descriptor '/home/jo-jo/ros2_ws/install/robot_legion_teleop_python/share/robot_legion_teleop_python/package.dsv'
[3.355s] INFO:colcon.colcon_core.shell:Creating package script '/home/jo-jo/ros2_ws/install/robot_legion_teleop_python/share/robot_legion_teleop_python/package.sh'
[3.356s] INFO:colcon.colcon_core.shell:Creating package script '/home/jo-jo/ros2_ws/install/robot_legion_teleop_python/share/robot_legion_teleop_python/package.bash'
[3.357s] INFO:colcon.colcon_core.shell:Creating package script '/home/jo-jo/ros2_ws/install/robot_legion_teleop_python/share/robot_legion_teleop_python/package.zsh'
[3.357s] Level 1:colcon.colcon_core.environment:create_file_with_runtime_dependencies(/home/jo-jo/ros2_ws/install/robot_legion_teleop_python/share/colcon-core/packages/robot_legion_teleop_python)
[3.359s] DEBUG:colcon.colcon_parallel_executor.executor.parallel:closing loop
[3.359s] DEBUG:colcon.colcon_parallel_executor.executor.parallel:loop closed
[3.359s] DEBUG:colcon.colcon_parallel_executor.executor.parallel:run_until_complete finished with '0'
[3.359s] DEBUG:colcon.colcon_core.event_reactor:joining thread
[3.371s] INFO:colcon.colcon_core.plugin_system:Skipping extension 'colcon_notification.desktop_notification.terminal_notifier': Not used on non-Darwin systems
[3.372s] INFO:colcon.colcon_core.plugin_system:Skipping extension 'colcon_notification.desktop_notification.win32': Not used on non-Windows systems
[3.372s] INFO:colcon.colcon_notification.desktop_notification:Sending desktop notification using 'notify2'
[3.396s] DEBUG:colcon.colcon_core.event_reactor:joined thread
[3.397s] INFO:colcon.colcon_core.shell:Creating prefix script '/home/jo-jo/ros2_ws/install/local_setup.ps1'
[3.399s] INFO:colcon.colcon_core.shell:Creating prefix util module '/home/jo-jo/ros2_ws/install/_local_setup_util_ps1.py'
[3.401s] INFO:colcon.colcon_core.shell:Creating prefix chain script '/home/jo-jo/ros2_ws/install/setup.ps1'
[3.403s] INFO:colcon.colcon_core.shell:Creating prefix script '/home/jo-jo/ros2_ws/install/local_setup.sh'
[3.404s] INFO:colcon.colcon_core.shell:Creating prefix util module '/home/jo-jo/ros2_ws/install/_local_setup_util_sh.py'
[3.405s] INFO:colcon.colcon_core.shell:Creating prefix chain script '/home/jo-jo/ros2_ws/install/setup.sh'
[3.406s] INFO:colcon.colcon_core.shell:Creating prefix script '/home/jo-jo/ros2_ws/install/local_setup.bash'
[3.407s] INFO:colcon.colcon_core.shell:Creating prefix chain script '/home/jo-jo/ros2_ws/install/setup.bash'
[3.409s] INFO:colcon.colcon_core.shell:Creating prefix script '/home/jo-jo/ros2_ws/install/local_setup.zsh'
[3.410s] INFO:colcon.colcon_core.shell:Creating prefix chain script '/home/jo-jo/ros2_ws/install/setup.zsh'
